Resetting test data...

Test 1: Create Order WITHOUT Shift...
FAIL: Unexpected response: {"success":false,"message":"Order failed: SQLSTATE[23000]: Integrity constraint violation: 1452 Cannot add or update a child row: a foreign key constraint fails (`gustopos_login_2_final`.`order_items`, CONSTRAINT `order_items_ibfk_2` FOREIGN KEY (`product_id`) REFERENCES `products` (`id`) ON DELETE CASCADE)"}

Test 2: Open Shift...
FAIL: Open Shift Failed: {"success":false,"message":"A shift is already open. Please close it first."}
